// Jest Snapshot v1, https://goo.gl/fbAQLP

exports[`MultiHeaderTable renders 2x2 table correctly 1`] = `
<table class="govuk-table table">
  <thead>
    <tr>
      <td colspan="2"
          rowspan="2"
          class="borderBottom borderRight"
      >
      </td>
      <th class="govuk-table__header--center borderRight"
          colspan="2"
          scope="colgroup"
      >
        A
      </th>
      <th class="govuk-table__header--center borderRight"
          colspan="2"
          scope="colgroup"
      >
        B
      </th>
    </tr>
    <tr>
      <th class="govuk-table__header--numeric borderBottom"
          colspan="1"
          scope="col"
      >
        C
      </th>
      <th class="govuk-table__header--numeric borderBottom borderRight"
          colspan="1"
          scope="col"
      >
        D
      </th>
      <th class="govuk-table__header--numeric borderBottom"
          colspan="1"
          scope="col"
      >
        C
      </th>
      <th class="govuk-table__header--numeric borderBottom borderRight"
          colspan="1"
          scope="col"
      >
        D
      </th>
    </tr>
  </thead>
  <tbody>
    <tr>
      <th class="govuk-table__cell--center borderBottom"
          rowspan="2"
          scope="rowgroup"
      >
        1
      </th>
      <th class="govuk-table__cell--numeric borderRight"
          rowspan="1"
          scope="row"
      >
        3
      </th>
      <td class="govuk-table__cell--numeric">
        AC13
      </td>
      <td class="govuk-table__cell--numeric borderRight">
        AD13
      </td>
      <td class="govuk-table__cell--numeric">
        BC13
      </td>
      <td class="govuk-table__cell--numeric borderRight">
        BD13
      </td>
    </tr>
    <tr>
      <th class="govuk-table__cell--numeric borderRight borderBottom"
          rowspan="1"
          scope="row"
      >
        4
      </th>
      <td class="govuk-table__cell--numeric borderBottom">
        AC14
      </td>
      <td class="govuk-table__cell--numeric borderRight borderBottom">
        AD14
      </td>
      <td class="govuk-table__cell--numeric borderBottom">
        BC14
      </td>
      <td class="govuk-table__cell--numeric borderRight borderBottom">
        BD14
      </td>
    </tr>
    <tr>
      <th class="govuk-table__cell--center borderBottom"
          rowspan="2"
          scope="rowgroup"
      >
        2
      </th>
      <th class="govuk-table__cell--numeric borderRight"
          rowspan="1"
          scope="row"
      >
        3
      </th>
      <td class="govuk-table__cell--numeric">
        AC23
      </td>
      <td class="govuk-table__cell--numeric borderRight">
        AD23
      </td>
      <td class="govuk-table__cell--numeric">
        BC23
      </td>
      <td class="govuk-table__cell--numeric borderRight">
        BC23
      </td>
    </tr>
    <tr>
      <th class="govuk-table__cell--numeric borderRight borderBottom"
          rowspan="1"
          scope="row"
      >
        4
      </th>
      <td class="govuk-table__cell--numeric borderBottom">
        AC24
      </td>
      <td class="govuk-table__cell--numeric borderRight borderBottom">
        AD24
      </td>
      <td class="govuk-table__cell--numeric borderBottom">
        BC23
      </td>
      <td class="govuk-table__cell--numeric borderRight borderBottom">
        BC24
      </td>
    </tr>
  </tbody>
</table>
`;

exports[`MultiHeaderTable renders 2x2x2 table correctly 1`] = `
<table class="govuk-table table">
  <thead>
    <tr>
      <td colspan="3"
          rowspan="3"
          class="borderBottom borderRight"
      >
      </td>
      <th class="govuk-table__header--center borderRight"
          colspan="4"
          scope="colgroup"
      >
        A
      </th>
      <th class="govuk-table__header--center borderRight"
          colspan="4"
          scope="colgroup"
      >
        B
      </th>
    </tr>
    <tr>
      <th class="govuk-table__header--center borderRight"
          colspan="2"
          scope="colgroup"
      >
        C
      </th>
      <th class="govuk-table__header--center borderRight"
          colspan="2"
          scope="colgroup"
      >
        D
      </th>
      <th class="govuk-table__header--center borderRight"
          colspan="2"
          scope="colgroup"
      >
        C
      </th>
      <th class="govuk-table__header--center borderRight"
          colspan="2"
          scope="colgroup"
      >
        D
      </th>
    </tr>
    <tr>
      <th class="govuk-table__header--numeric borderBottom"
          colspan="1"
          scope="col"
      >
        E
      </th>
      <th class="govuk-table__header--numeric borderBottom borderRight"
          colspan="1"
          scope="col"
      >
        F
      </th>
      <th class="govuk-table__header--numeric borderBottom"
          colspan="1"
          scope="col"
      >
        E
      </th>
      <th class="govuk-table__header--numeric borderBottom borderRight"
          colspan="1"
          scope="col"
      >
        F
      </th>
      <th class="govuk-table__header--numeric borderBottom"
          colspan="1"
          scope="col"
      >
        E
      </th>
      <th class="govuk-table__header--numeric borderBottom borderRight"
          colspan="1"
          scope="col"
      >
        F
      </th>
      <th class="govuk-table__header--numeric borderBottom"
          colspan="1"
          scope="col"
      >
        E
      </th>
      <th class="govuk-table__header--numeric borderBottom borderRight"
          colspan="1"
          scope="col"
      >
        F
      </th>
    </tr>
  </thead>
  <tbody>
    <tr>
      <th class="govuk-table__cell--center borderBottom"
          rowspan="4"
          scope="rowgroup"
      >
        1
      </th>
      <th class="govuk-table__cell--center borderBottom"
          rowspan="2"
          scope="rowgroup"
      >
        3
      </th>
      <th class="govuk-table__cell--numeric borderRight"
          rowspan="1"
          scope="row"
      >
        5
      </th>
      <td class="govuk-table__cell--numeric">
        ACE135
      </td>
      <td class="govuk-table__cell--numeric">
        ACF135
      </td>
      <td class="govuk-table__cell--numeric">
        ADE135
      </td>
      <td class="govuk-table__cell--numeric borderRight">
        ADF135
      </td>
      <td class="govuk-table__cell--numeric">
        BCE135
      </td>
      <td class="govuk-table__cell--numeric">
        BCF135
      </td>
      <td class="govuk-table__cell--numeric">
        BDE135
      </td>
      <td class="govuk-table__cell--numeric borderRight">
        BDF135
      </td>
    </tr>
    <tr>
      <th class="govuk-table__cell--numeric borderRight borderBottom"
          rowspan="1"
          scope="row"
      >
        6
      </th>
      <td class="govuk-table__cell--numeric">
        ACE136
      </td>
      <td class="govuk-table__cell--numeric">
        ACF136
      </td>
      <td class="govuk-table__cell--numeric">
        ADE136
      </td>
      <td class="govuk-table__cell--numeric borderRight">
        ADF136
      </td>
      <td class="govuk-table__cell--numeric">
        BCE136
      </td>
      <td class="govuk-table__cell--numeric">
        BCF136
      </td>
      <td class="govuk-table__cell--numeric">
        BDE136
      </td>
      <td class="govuk-table__cell--numeric borderRight">
        BDF136
      </td>
    </tr>
    <tr>
      <th class="govuk-table__cell--center borderBottom"
          rowspan="2"
          scope="rowgroup"
      >
        4
      </th>
      <th class="govuk-table__cell--numeric borderRight"
          rowspan="1"
          scope="row"
      >
        5
      </th>
      <td class="govuk-table__cell--numeric">
        ACE145
      </td>
      <td class="govuk-table__cell--numeric">
        ACF145
      </td>
      <td class="govuk-table__cell--numeric">
        ADE145
      </td>
      <td class="govuk-table__cell--numeric borderRight">
        ADF145
      </td>
      <td class="govuk-table__cell--numeric">
        BCE145
      </td>
      <td class="govuk-table__cell--numeric">
        BCF145
      </td>
      <td class="govuk-table__cell--numeric">
        BDE145
      </td>
      <td class="govuk-table__cell--numeric borderRight">
        BDF145
      </td>
    </tr>
    <tr>
      <th class="govuk-table__cell--numeric borderRight borderBottom"
          rowspan="1"
          scope="row"
      >
        6
      </th>
      <td class="govuk-table__cell--numeric borderBottom">
        ACE146
      </td>
      <td class="govuk-table__cell--numeric borderBottom">
        ACF146
      </td>
      <td class="govuk-table__cell--numeric borderBottom">
        ADE146
      </td>
      <td class="govuk-table__cell--numeric borderRight borderBottom">
        ADF146
      </td>
      <td class="govuk-table__cell--numeric borderBottom">
        BCE146
      </td>
      <td class="govuk-table__cell--numeric borderBottom">
        BCF146
      </td>
      <td class="govuk-table__cell--numeric borderBottom">
        BDE146
      </td>
      <td class="govuk-table__cell--numeric borderRight borderBottom">
        BDF146
      </td>
    </tr>
    <tr>
      <th class="govuk-table__cell--center borderBottom"
          rowspan="4"
          scope="rowgroup"
      >
        2
      </th>
      <th class="govuk-table__cell--center borderBottom"
          rowspan="2"
          scope="rowgroup"
      >
        3
      </th>
      <th class="govuk-table__cell--numeric borderRight"
          rowspan="1"
          scope="row"
      >
        5
      </th>
      <td class="govuk-table__cell--numeric">
        ACE235
      </td>
      <td class="govuk-table__cell--numeric">
        ACF235
      </td>
      <td class="govuk-table__cell--numeric">
        ADE235
      </td>
      <td class="govuk-table__cell--numeric borderRight">
        ADF235
      </td>
      <td class="govuk-table__cell--numeric">
        BCE235
      </td>
      <td class="govuk-table__cell--numeric">
        BCF235
      </td>
      <td class="govuk-table__cell--numeric">
        BDE235
      </td>
      <td class="govuk-table__cell--numeric borderRight">
        BDF235
      </td>
    </tr>
    <tr>
      <th class="govuk-table__cell--numeric borderRight borderBottom"
          rowspan="1"
          scope="row"
      >
        6
      </th>
      <td class="govuk-table__cell--numeric">
        ACE236
      </td>
      <td class="govuk-table__cell--numeric">
        ACF236
      </td>
      <td class="govuk-table__cell--numeric">
        ADE236
      </td>
      <td class="govuk-table__cell--numeric borderRight">
        ADF236
      </td>
      <td class="govuk-table__cell--numeric">
        BCE236
      </td>
      <td class="govuk-table__cell--numeric">
        BCF236
      </td>
      <td class="govuk-table__cell--numeric">
        BDE236
      </td>
      <td class="govuk-table__cell--numeric borderRight">
        BDF236
      </td>
    </tr>
    <tr>
      <th class="govuk-table__cell--center borderBottom"
          rowspan="2"
          scope="rowgroup"
      >
        4
      </th>
      <th class="govuk-table__cell--numeric borderRight"
          rowspan="1"
          scope="row"
      >
        5
      </th>
      <td class="govuk-table__cell--numeric">
        ACE245
      </td>
      <td class="govuk-table__cell--numeric">
        ACF245
      </td>
      <td class="govuk-table__cell--numeric">
        ADE245
      </td>
      <td class="govuk-table__cell--numeric borderRight">
        ADF245
      </td>
      <td class="govuk-table__cell--numeric">
        BCE245
      </td>
      <td class="govuk-table__cell--numeric">
        BCF245
      </td>
      <td class="govuk-table__cell--numeric">
        BDE245
      </td>
      <td class="govuk-table__cell--numeric borderRight">
        BDF245
      </td>
    </tr>
    <tr>
      <th class="govuk-table__cell--numeric borderRight borderBottom"
          rowspan="1"
          scope="row"
      >
        6
      </th>
      <td class="govuk-table__cell--numeric borderBottom">
        ACE246
      </td>
      <td class="govuk-table__cell--numeric borderBottom">
        ACF246
      </td>
      <td class="govuk-table__cell--numeric borderBottom">
        ADE246
      </td>
      <td class="govuk-table__cell--numeric borderRight borderBottom">
        ADF246
      </td>
      <td class="govuk-table__cell--numeric borderBottom">
        BCE246
      </td>
      <td class="govuk-table__cell--numeric borderBottom">
        BCF246
      </td>
      <td class="govuk-table__cell--numeric borderBottom">
        BDE246
      </td>
      <td class="govuk-table__cell--numeric borderRight borderBottom">
        BDF246
      </td>
    </tr>
  </tbody>
</table>
`;
