// Jest Snapshot v1, https://goo.gl/fbAQLP

exports[`LineChartBlock renders basic chart correctly 1`] = `
<div>
  <div
    class="recharts-responsive-container"
    style="width: 900px; height: 300px;"
  >
    <div
      class="recharts-wrapper"
      style="position: relative; cursor: default; width: 900px; height: 300px;"
    >
      <svg
        class="recharts-surface"
        height="300"
        version="1.1"
        viewBox="0 0 900 300"
        width="900"
      >
        <defs>
          <clippath
            id="recharts4-clip"
          >
            <rect
              height="260"
              width="810"
              x="90"
              y="10"
            />
          </clippath>
        </defs>
        <g
          class="recharts-cartesian-grid"
        >
          <g
            class="recharts-cartesian-grid-horizontal"
          >
            <line
              fill="none"
              height="260"
              stroke="#ccc"
              stroke-dasharray="3 3"
              width="810"
              x="90"
              x1="90"
              x2="900"
              y="10"
              y1="270"
              y2="270"
            />
            <line
              fill="none"
              height="260"
              stroke="#ccc"
              stroke-dasharray="3 3"
              width="810"
              x="90"
              x1="90"
              x2="900"
              y="10"
              y1="202.17391304347825"
              y2="202.17391304347825"
            />
            <line
              fill="none"
              height="260"
              stroke="#ccc"
              stroke-dasharray="3 3"
              width="810"
              x="90"
              x1="90"
              x2="900"
              y="10"
              y1="134.3478260869565"
              y2="134.3478260869565"
            />
            <line
              fill="none"
              height="260"
              stroke="#ccc"
              stroke-dasharray="3 3"
              width="810"
              x="90"
              x1="90"
              x2="900"
              y="10"
              y1="10"
              y2="10"
            />
          </g>
          <g
            class="recharts-cartesian-grid-vertical"
          >
            <line
              fill="none"
              height="260"
              stroke="#ccc"
              stroke-dasharray="3 3"
              width="810"
              x="90"
              x1="110"
              x2="110"
              y="10"
              y1="10"
              y2="270"
            />
            <line
              fill="none"
              height="260"
              stroke="#ccc"
              stroke-dasharray="3 3"
              width="810"
              x="90"
              x1="880"
              x2="880"
              y="10"
              y1="10"
              y2="270"
            />
            <line
              fill="none"
              height="260"
              stroke="#ccc"
              stroke-dasharray="3 3"
              width="810"
              x="90"
              x1="90"
              x2="90"
              y="10"
              y1="10"
              y2="270"
            />
            <line
              fill="none"
              height="260"
              stroke="#ccc"
              stroke-dasharray="3 3"
              width="810"
              x="90"
              x1="900"
              x2="900"
              y="10"
              y1="10"
              y2="270"
            />
          </g>
        </g>
        <g
          class="recharts-layer recharts-cartesian-axis recharts-yAxis yAxis"
        >
          <line
            class="recharts-cartesian-axis-line"
            fill="none"
            height="260"
            stroke="#666"
            width="60"
            x="30"
            x1="90"
            x2="90"
            y="10"
            y1="10"
            y2="270"
          />
          <g
            class="recharts-cartesian-axis-ticks"
          >
            <g
              class="recharts-layer recharts-cartesian-axis-tick"
            >
              <line
                class="recharts-cartesian-axis-tick-line"
                fill="none"
                height="260"
                stroke="#666"
                width="60"
                x="30"
                x1="84"
                x2="90"
                y="10"
                y1="270"
                y2="270"
              />
              <text
                class="recharts-text recharts-cartesian-axis-tick-value"
                fill="#666"
                height="260"
                stroke="none"
                text-anchor="end"
                width="60"
                x="82"
                y="270"
              >
                <tspan
                  dy="0.355em"
                  x="82"
                >
                  -3
                </tspan>
              </text>
            </g>
            <g
              class="recharts-layer recharts-cartesian-axis-tick"
            >
              <line
                class="recharts-cartesian-axis-tick-line"
                fill="none"
                height="260"
                stroke="#666"
                width="60"
                x="30"
                x1="84"
                x2="90"
                y="10"
                y1="202.17391304347825"
                y2="202.17391304347825"
              />
              <text
                class="recharts-text recharts-cartesian-axis-tick-value"
                fill="#666"
                height="260"
                stroke="none"
                text-anchor="end"
                width="60"
                x="82"
                y="202.17391304347825"
              >
                <tspan
                  dy="0.355em"
                  x="82"
                >
                  3
                </tspan>
              </text>
            </g>
            <g
              class="recharts-layer recharts-cartesian-axis-tick"
            >
              <line
                class="recharts-cartesian-axis-tick-line"
                fill="none"
                height="260"
                stroke="#666"
                width="60"
                x="30"
                x1="84"
                x2="90"
                y="10"
                y1="134.3478260869565"
                y2="134.3478260869565"
              />
              <text
                class="recharts-text recharts-cartesian-axis-tick-value"
                fill="#666"
                height="260"
                stroke="none"
                text-anchor="end"
                width="60"
                x="82"
                y="134.3478260869565"
              >
                <tspan
                  dy="0.355em"
                  x="82"
                >
                  9
                </tspan>
              </text>
            </g>
            <g
              class="recharts-layer recharts-cartesian-axis-tick"
            >
              <line
                class="recharts-cartesian-axis-tick-line"
                fill="none"
                height="260"
                stroke="#666"
                width="60"
                x="30"
                x1="84"
                x2="90"
                y="10"
                y1="10"
                y2="10"
              />
              <text
                class="recharts-text recharts-cartesian-axis-tick-value"
                fill="#666"
                height="260"
                stroke="none"
                text-anchor="end"
                width="60"
                x="82"
                y="10"
              >
                <tspan
                  dy="0.355em"
                  x="82"
                >
                  20
                </tspan>
              </text>
            </g>
          </g>
        </g>
        <g
          class="recharts-layer recharts-cartesian-axis recharts-xAxis xAxis"
        >
          <line
            class="recharts-cartesian-axis-line"
            fill="none"
            height="30"
            stroke="#666"
            width="810"
            x="90"
            x1="90"
            x2="900"
            y="270"
            y1="270"
            y2="270"
          />
          <g
            class="recharts-cartesian-axis-ticks"
          >
            <g
              class="recharts-layer recharts-cartesian-axis-tick"
            >
              <line
                class="recharts-cartesian-axis-tick-line"
                fill="none"
                height="30"
                stroke="#666"
                width="810"
                x="90"
                x1="110"
                x2="110"
                y="270"
                y1="276"
                y2="270"
              />
              <text
                class="recharts-text recharts-cartesian-axis-tick-value"
                fill="#666"
                height="30"
                stroke="none"
                text-anchor="middle"
                width="810"
                x="110"
                y="286"
              >
                <tspan
                  dy="0.71em"
                  x="110"
                >
                  2014/15
                </tspan>
              </text>
            </g>
            <g
              class="recharts-layer recharts-cartesian-axis-tick"
            >
              <line
                class="recharts-cartesian-axis-tick-line"
                fill="none"
                height="30"
                stroke="#666"
                width="810"
                x="90"
                x1="880"
                x2="880"
                y="270"
                y1="276"
                y2="270"
              />
              <text
                class="recharts-text recharts-cartesian-axis-tick-value"
                fill="#666"
                height="30"
                stroke="none"
                text-anchor="middle"
                width="810"
                x="880"
                y="286"
              >
                <tspan
                  dy="0.71em"
                  x="880"
                >
                  2015/16
                </tspan>
              </text>
            </g>
          </g>
        </g>
        <g
          class="recharts-layer recharts-line"
        >
          <path
            class="recharts-curve recharts-line-curve"
            d="M110,202.17391304347825L880,270"
            fill="none"
            height="260"
            stroke="#ff0000"
            stroke-width="2"
            width="810"
          />
          <g
            class="recharts-layer recharts-line-dots"
          />
        </g>
        <g
          class="recharts-layer recharts-line"
        >
          <path
            class="recharts-curve recharts-line-curve"
            d="M110,123.04347826086958L880,190.86956521739128"
            fill="none"
            height="260"
            stroke="#00ff00"
            stroke-width="2"
            width="810"
          />
          <g
            class="recharts-layer recharts-line-dots"
          />
        </g>
        <g
          class="recharts-layer recharts-line"
        >
          <path
            class="recharts-curve recharts-line-curve"
            d="M110,179.56521739130434L880,224.78260869565216"
            fill="none"
            height="260"
            stroke="#0000ff"
            stroke-width="2"
            width="810"
          />
          <g
            class="recharts-layer recharts-line-dots"
          />
        </g>
      </svg>
      <div
        class="recharts-legend-wrapper"
        style="position: absolute; width: 870px; height: 50px; left: 30px; top: 10px;"
      >
        <ul
          class="recharts-default-legend"
          style="padding: 0px; margin: 0px; text-align: center;"
        >
          <li
            class="recharts-legend-item legend-item-0"
            style="display: inline-block; margin-right: 10px;"
          >
            <svg
              class="recharts-surface"
              height="14"
              style="display: inline-block; vertical-align: middle; margin-right: 4px;"
              version="1.1"
              viewBox="0 0 32 32"
              width="14"
            >
              <path
                class="recharts-legend-icon"
                d="M0,16h10.666666666666666
            A5.333333333333333,5.333333333333333,0,1,1,21.333333333333332,16
            H32M21.333333333333332,16
            A5.333333333333333,5.333333333333333,0,1,1,10.666666666666666,16"
                fill="none"
                stroke="#ff0000"
                stroke-width="4"
              />
            </svg>
            <span
              class="recharts-legend-item-text"
            >
              Unauthorised absence rate
            </span>
          </li>
          <li
            class="recharts-legend-item legend-item-1"
            style="display: inline-block; margin-right: 10px;"
          >
            <svg
              class="recharts-surface"
              height="14"
              style="display: inline-block; vertical-align: middle; margin-right: 4px;"
              version="1.1"
              viewBox="0 0 32 32"
              width="14"
            >
              <path
                class="recharts-legend-icon"
                d="M0,16h10.666666666666666
            A5.333333333333333,5.333333333333333,0,1,1,21.333333333333332,16
            H32M21.333333333333332,16
            A5.333333333333333,5.333333333333333,0,1,1,10.666666666666666,16"
                fill="none"
                stroke="#00ff00"
                stroke-width="4"
              />
            </svg>
            <span
              class="recharts-legend-item-text"
            >
              Overall absence rate
            </span>
          </li>
          <li
            class="recharts-legend-item legend-item-2"
            style="display: inline-block; margin-right: 10px;"
          >
            <svg
              class="recharts-surface"
              height="14"
              style="display: inline-block; vertical-align: middle; margin-right: 4px;"
              version="1.1"
              viewBox="0 0 32 32"
              width="14"
            >
              <path
                class="recharts-legend-icon"
                d="M0,16h10.666666666666666
            A5.333333333333333,5.333333333333333,0,1,1,21.333333333333332,16
            H32M21.333333333333332,16
            A5.333333333333333,5.333333333333333,0,1,1,10.666666666666666,16"
                fill="none"
                stroke="#0000ff"
                stroke-width="4"
              />
            </svg>
            <span
              class="recharts-legend-item-text"
            >
              Authorised absence rate
            </span>
          </li>
        </ul>
      </div>
      <div
        class="recharts-tooltip-wrapper"
        style="transform: translate(undefinedpx, undefinedpx); pointer-events: none; visibility: hidden; position: absolute; top: 0px;"
      />
    </div>
    <div
      style="position: absolute; width: 0px; height: 0px; visibility: hidden; display: none;"
    />
  </div>
</div>
`;
