// Jest Snapshot v1, https://goo.gl/fbAQLP

exports[`MapBlock MapBlock renders 1`] = `
<div>
  <div
    class="govuk-grid-row"
  >
    <div
      aria-live="assertive"
      class="govuk-grid-column-one-third"
    >
      <form>
        <div
          class="govuk-form-group govuk-!-margin-bottom-6"
        >
          <label
            class="govuk-label"
            for="selectedLocation"
          >
            Select a location
          </label>
          <select
            class="govuk-select select"
            id="selectedLocation"
            name="selectedLocation"
          >
            <option
              value=""
            >
              All
            </option>
            <option
              value="E92000001"
            >
              England
            </option>
          </select>
        </div>
      </form>
    </div>
    <div
      class="govuk-grid-column-two-thirds"
    >
      <div
        class="leaflet-container leaflet-grab leaflet-touch-drag"
        style="width: 900px; height: 600px; position: relative;"
        tabindex="0"
      >
        <div
          class="leaflet-pane leaflet-map-pane"
          style="left: 0px; top: 0px;"
        >
          <div
            class="leaflet-pane leaflet-tile-pane"
          />
          <div
            class="leaflet-pane leaflet-shadow-pane"
          />
          <div
            class="leaflet-pane leaflet-overlay-pane"
          >
            <svg
              height="0"
              pointer-events="none"
              style="left: 0px; top: 0px;"
              viewBox="0 0 0 0"
              width="0"
            >
              <g>
                <path
                  class="leaflet-interactive"
                  d="M0 0"
                  fill="#3388ff"
                  fill-opacity="0.2"
                  fill-rule="evenodd"
                  stroke="#3388ff"
                  stroke-linecap="round"
                  stroke-linejoin="round"
                  stroke-opacity="1"
                  stroke-width="3"
                />
                <path
                  class="leaflet-interactive"
                  d="M-1 1L-1 -1L1 -1L1 1z"
                  fill="777"
                  fill-opacity="0.2"
                  fill-rule="evenodd"
                  stroke="777"
                  stroke-linecap="round"
                  stroke-linejoin="round"
                  stroke-opacity="1"
                  stroke-width="1"
                />
              </g>
            </svg>
          </div>
          <div
            class="leaflet-pane leaflet-marker-pane"
          />
          <div
            class="leaflet-pane leaflet-tooltip-pane"
          />
          <div
            class="leaflet-pane leaflet-popup-pane"
          />
        </div>
        <div
          class="leaflet-control-container"
        >
          <div
            class="leaflet-top leaflet-left"
          >
            <div
              class="leaflet-control-zoom leaflet-bar leaflet-control"
            >
              <a
                aria-label="Zoom in"
                class="leaflet-control-zoom-in"
                href="#"
                role="button"
                title="Zoom in"
              >
                +
              </a>
              <a
                aria-label="Zoom out"
                class="leaflet-control-zoom-out"
                href="#"
                role="button"
                title="Zoom out"
              >
                âˆ’
              </a>
            </div>
          </div>
          <div
            class="leaflet-top leaflet-right"
          />
          <div
            class="leaflet-bottom leaflet-left"
          />
          <div
            class="leaflet-bottom leaflet-right"
          >
            <div
              class="leaflet-control-attribution leaflet-control"
            >
              <a
                href="https://leafletjs.com"
                title="A JS library for interactive maps"
              >
                Leaflet
              </a>
            </div>
          </div>
        </div>
      </div>
    </div>
  </div>
</div>
`;
