<!DOCTYPE html>
<html>
  <head> </head>

  <body>
    <div>
      <div
        class="recharts-responsive-container"
        style="width: 900px; height: 600px;"
      >
        <div
          class="recharts-wrapper"
          style="position: relative; cursor: default; width: 900px; height: 600px;"
        >
          <svg
            class="recharts-surface"
            height="600"
            version="1.1"
            viewBox="0 0 900 600"
            width="900"
          >
            <defs>
              <clippath id="recharts1-clip">
                <rect height="510" width="695" x="175" y="15" />
              </clippath>
            </defs>
            <g
              class="recharts-layer recharts-cartesian-axis recharts-yAxis yAxis"
            >
              <line
                class="recharts-cartesian-axis-line"
                fill="none"
                height="510"
                stroke="#666"
                width="115"
                x="60"
                x1="175"
                x2="175"
                y="15"
                y1="15"
                y2="525"
              />
              <g class="recharts-cartesian-axis-ticks">
                <g class="recharts-layer recharts-cartesian-axis-tick">
                  <line
                    class="recharts-cartesian-axis-tick-line"
                    fill="none"
                    height="510"
                    stroke="#666"
                    width="115"
                    x="60"
                    x1="169"
                    x2="175"
                    y="15"
                    y1="142.5"
                    y2="142.5"
                  />
                  <text
                    class="recharts-text recharts-cartesian-axis-tick-value"
                    fill="#666"
                    height="510"
                    stroke="none"
                    text-anchor="end"
                    width="115"
                    x="167"
                    y="142.5"
                  >
                    <tspan dy="0.355em" x="167">
                      2014
                    </tspan>
                  </text>
                </g>
                <g class="recharts-layer recharts-cartesian-axis-tick">
                  <line
                    class="recharts-cartesian-axis-tick-line"
                    fill="none"
                    height="510"
                    stroke="#666"
                    width="115"
                    x="60"
                    x1="169"
                    x2="175"
                    y="15"
                    y1="397.5"
                    y2="397.5"
                  />
                  <text
                    class="recharts-text recharts-cartesian-axis-tick-value"
                    fill="#666"
                    height="510"
                    stroke="none"
                    text-anchor="end"
                    width="115"
                    x="167"
                    y="397.5"
                  >
                    <tspan dy="0.355em" x="167">
                      2015
                    </tspan>
                  </text>
                </g>
              </g>
              <text
                class="recharts-text recharts-label"
                text-anchor="end"
                transform="rotate(270, 55, 270)"
                x="55"
                y="270"
              >
                <tspan dy="0.355em" x="55">
                  test y axis
                </tspan>
              </text>
            </g>
            <g class="recharts-cartesian-grid">
              <g class="recharts-cartesian-grid-horizontal">
                <line
                  fill="none"
                  height="510"
                  stroke="#ccc"
                  width="695"
                  x="175"
                  x1="175"
                  x2="870"
                  y="15"
                  y1="142.5"
                  y2="142.5"
                />
                <line
                  fill="none"
                  height="510"
                  stroke="#ccc"
                  width="695"
                  x="175"
                  x1="175"
                  x2="870"
                  y="15"
                  y1="397.5"
                  y2="397.5"
                />
                <line
                  fill="none"
                  height="510"
                  stroke="#ccc"
                  width="695"
                  x="175"
                  x1="175"
                  x2="870"
                  y="15"
                  y1="15"
                  y2="15"
                />
                <line
                  fill="none"
                  height="510"
                  stroke="#ccc"
                  width="695"
                  x="175"
                  x1="175"
                  x2="870"
                  y="15"
                  y1="525"
                  y2="525"
                />
              </g>
              <g class="recharts-cartesian-grid-vertical">
                <line
                  fill="none"
                  height="510"
                  stroke="#ccc"
                  width="695"
                  x="175"
                  x1="175"
                  x2="175"
                  y="15"
                  y1="15"
                  y2="525"
                />
                <line
                  fill="none"
                  height="510"
                  stroke="#ccc"
                  width="695"
                  x="175"
                  x1="348.75"
                  x2="348.75"
                  y="15"
                  y1="15"
                  y2="525"
                />
                <line
                  fill="none"
                  height="510"
                  stroke="#ccc"
                  width="695"
                  x="175"
                  x1="522.5"
                  x2="522.5"
                  y="15"
                  y1="15"
                  y2="525"
                />
                <line
                  fill="none"
                  height="510"
                  stroke="#ccc"
                  width="695"
                  x="175"
                  x1="696.25"
                  x2="696.25"
                  y="15"
                  y1="15"
                  y2="525"
                />
                <line
                  fill="none"
                  height="510"
                  stroke="#ccc"
                  width="695"
                  x="175"
                  x1="870"
                  x2="870"
                  y="15"
                  y1="15"
                  y2="525"
                />
              </g>
            </g>
            <g
              class="recharts-layer recharts-cartesian-axis recharts-xAxis xAxis"
            >
              <line
                class="recharts-cartesian-axis-line"
                fill="none"
                height="50"
                stroke="#666"
                width="695"
                x="175"
                x1="175"
                x2="870"
                y="525"
                y1="525"
                y2="525"
              />
              <g class="recharts-cartesian-axis-ticks">
                <g class="recharts-layer recharts-cartesian-axis-tick">
                  <line
                    class="recharts-cartesian-axis-tick-line"
                    fill="none"
                    height="50"
                    stroke="#666"
                    width="695"
                    x="175"
                    x1="175"
                    x2="175"
                    y="525"
                    y1="531"
                    y2="525"
                  />
                  <text
                    class="recharts-text recharts-cartesian-axis-tick-value"
                    fill="#666"
                    height="50"
                    stroke="none"
                    text-anchor="middle"
                    width="695"
                    x="175"
                    y="533"
                  >
                    <tspan dy="0.71em" x="175">
                      0
                    </tspan>
                  </text>
                </g>
                <g class="recharts-layer recharts-cartesian-axis-tick">
                  <line
                    class="recharts-cartesian-axis-tick-line"
                    fill="none"
                    height="50"
                    stroke="#666"
                    width="695"
                    x="175"
                    x1="348.75"
                    x2="348.75"
                    y="525"
                    y1="531"
                    y2="525"
                  />
                  <text
                    class="recharts-text recharts-cartesian-axis-tick-value"
                    fill="#666"
                    height="50"
                    stroke="none"
                    text-anchor="middle"
                    width="695"
                    x="348.75"
                    y="533"
                  >
                    <tspan dy="0.71em" x="348.75">
                      5
                    </tspan>
                  </text>
                </g>
                <g class="recharts-layer recharts-cartesian-axis-tick">
                  <line
                    class="recharts-cartesian-axis-tick-line"
                    fill="none"
                    height="50"
                    stroke="#666"
                    width="695"
                    x="175"
                    x1="522.5"
                    x2="522.5"
                    y="525"
                    y1="531"
                    y2="525"
                  />
                  <text
                    class="recharts-text recharts-cartesian-axis-tick-value"
                    fill="#666"
                    height="50"
                    stroke="none"
                    text-anchor="middle"
                    width="695"
                    x="522.5"
                    y="533"
                  >
                    <tspan dy="0.71em" x="522.5">
                      10
                    </tspan>
                  </text>
                </g>
                <g class="recharts-layer recharts-cartesian-axis-tick">
                  <line
                    class="recharts-cartesian-axis-tick-line"
                    fill="none"
                    height="50"
                    stroke="#666"
                    width="695"
                    x="175"
                    x1="696.25"
                    x2="696.25"
                    y="525"
                    y1="531"
                    y2="525"
                  />
                  <text
                    class="recharts-text recharts-cartesian-axis-tick-value"
                    fill="#666"
                    height="50"
                    stroke="none"
                    text-anchor="middle"
                    width="695"
                    x="696.25"
                    y="533"
                  >
                    <tspan dy="0.71em" x="696.25">
                      15
                    </tspan>
                  </text>
                </g>
                <g class="recharts-layer recharts-cartesian-axis-tick">
                  <line
                    class="recharts-cartesian-axis-tick-line"
                    fill="none"
                    height="50"
                    stroke="#666"
                    width="695"
                    x="175"
                    x1="870"
                    x2="870"
                    y="525"
                    y1="531"
                    y2="525"
                  />
                  <text
                    class="recharts-text recharts-cartesian-axis-tick-value"
                    fill="#666"
                    height="50"
                    stroke="none"
                    text-anchor="middle"
                    width="695"
                    x="870"
                    y="533"
                  >
                    <tspan dy="0.71em" x="870">
                      20
                    </tspan>
                  </text>
                </g>
              </g>
              <text
                class="recharts-text recharts-label"
                text-anchor="middle"
                x="522.5"
                y="570"
              >
                <tspan dy="0em" x="522.5">
                  test x axis
                </tspan>
              </text>
            </g>
            <g class="recharts-layer recharts-bar">
              <g class="recharts-layer recharts-bar-rectangles">
                <g class="recharts-layer">
                  <g class="recharts-layer recharts-bar-rectangle" />
                  <g class="recharts-layer recharts-bar-rectangle" />
                </g>
              </g>
            </g>
            <g class="recharts-layer recharts-bar">
              <g class="recharts-layer recharts-bar-rectangles">
                <g class="recharts-layer">
                  <g class="recharts-layer recharts-bar-rectangle" />
                  <g class="recharts-layer recharts-bar-rectangle" />
                </g>
              </g>
            </g>
            <g class="recharts-layer recharts-bar">
              <g class="recharts-layer recharts-bar-rectangles">
                <g class="recharts-layer">
                  <g class="recharts-layer recharts-bar-rectangle" />
                  <g class="recharts-layer recharts-bar-rectangle" />
                </g>
              </g>
            </g>
          </svg>
          <div
            class="recharts-legend-wrapper"
            style="position: absolute; width: 810px; height: auto; left: 60px; bottom: 25px;"
          >
            <ul
              class="recharts-default-legend"
              style="padding: 0px; margin: 0px; text-align: center;"
            >
              <li
                class="recharts-legend-item legend-item-0"
                style="display: inline-block; margin-right: 10px;"
              >
                <svg
                  class="recharts-surface"
                  height="14"
                  style="display: inline-block; vertical-align: middle; margin-right: 4px;"
                  version="1.1"
                  viewBox="0 0 32 32"
                  width="14"
                >
                  <path
                    class="recharts-legend-icon"
                    d="M0,4h32v24h-32z"
                    fill="#4763a5"
                    stroke="none"
                  />
                </svg>
                <span class="recharts-legend-item-text">
                  Unauthorised absence rate
                </span>
              </li>
              <li
                class="recharts-legend-item legend-item-1"
                style="display: inline-block; margin-right: 10px;"
              >
                <svg
                  class="recharts-surface"
                  height="14"
                  style="display: inline-block; vertical-align: middle; margin-right: 4px;"
                  version="1.1"
                  viewBox="0 0 32 32"
                  width="14"
                >
                  <path
                    class="recharts-legend-icon"
                    d="M0,4h32v24h-32z"
                    fill="#f5a450"
                    stroke="none"
                  />
                </svg>
                <span class="recharts-legend-item-text">
                  Overall absence rate
                </span>
              </li>
              <li
                class="recharts-legend-item legend-item-2"
                style="display: inline-block; margin-right: 10px;"
              >
                <svg
                  class="recharts-surface"
                  height="14"
                  style="display: inline-block; vertical-align: middle; margin-right: 4px;"
                  version="1.1"
                  viewBox="0 0 32 32"
                  width="14"
                >
                  <path
                    class="recharts-legend-icon"
                    d="M0,4h32v24h-32z"
                    fill="#005ea5"
                    stroke="none"
                  />
                </svg>
                <span class="recharts-legend-item-text">
                  Authorised absence rate
                </span>
              </li>
            </ul>
          </div>
        </div>
      </div>
    </div>
  </body>
</html>
