// Jest Snapshot v1, https://goo.gl/fbAQLP

exports[`VerticalBarBlock renders with correct output 1`] = `
<div>
  <div
    class="recharts-responsive-container"
    style="width: 900px; height: 300px;"
  >
    <div
      class="recharts-wrapper"
      style="position: relative; cursor: default; width: 900px; height: 300px;"
    >
      <svg
        class="recharts-surface"
        height="300"
        version="1.1"
        viewBox="0 0 900 300"
        width="900"
      >
        <defs>
          <clippath
            id="recharts4-clip"
          >
            <rect
              height="235"
              width="785"
              x="85"
              y="15"
            />
          </clippath>
        </defs>
        <g
          class="recharts-layer recharts-cartesian-axis recharts-xAxis xAxis"
        >
          <line
            class="recharts-cartesian-axis-line"
            fill="none"
            height="25"
            stroke="#666"
            width="785"
            x="85"
            x1="85"
            x2="870"
            y="250"
            y1="250"
            y2="250"
          />
          <g
            class="recharts-cartesian-axis-ticks"
          >
            <g
              class="recharts-layer recharts-cartesian-axis-tick"
            >
              <line
                class="recharts-cartesian-axis-tick-line"
                fill="none"
                height="25"
                stroke="#666"
                width="785"
                x="85"
                x1="281.25"
                x2="281.25"
                y="250"
                y1="256"
                y2="250"
              />
              <text
                class="recharts-text recharts-cartesian-axis-tick-value"
                fill="#666"
                font-size="12"
                height="25"
                stroke="none"
                text-anchor="middle"
                width="785"
                x="281.25"
                y="258"
              >
                <tspan
                  dy="0.71em"
                  x="281.25"
                >
                  2014/15
                </tspan>
              </text>
            </g>
            <g
              class="recharts-layer recharts-cartesian-axis-tick"
            >
              <line
                class="recharts-cartesian-axis-tick-line"
                fill="none"
                height="25"
                stroke="#666"
                width="785"
                x="85"
                x1="673.75"
                x2="673.75"
                y="250"
                y1="256"
                y2="250"
              />
              <text
                class="recharts-text recharts-cartesian-axis-tick-value"
                fill="#666"
                font-size="12"
                height="25"
                stroke="none"
                text-anchor="middle"
                width="785"
                x="673.75"
                y="258"
              >
                <tspan
                  dy="0.71em"
                  x="673.75"
                >
                  2015/16
                </tspan>
              </text>
            </g>
          </g>
        </g>
        <g
          class="recharts-cartesian-grid"
        >
          <g
            class="recharts-cartesian-grid-horizontal"
          >
            <line
              fill="none"
              height="235"
              stroke="#ccc"
              width="785"
              x="85"
              x1="85"
              x2="870"
              y="15"
              y1="250"
              y2="250"
            />
            <line
              fill="none"
              height="235"
              stroke="#ccc"
              width="785"
              x="85"
              x1="85"
              x2="870"
              y="15"
              y1="191.25"
              y2="191.25"
            />
            <line
              fill="none"
              height="235"
              stroke="#ccc"
              width="785"
              x="85"
              x1="85"
              x2="870"
              y="15"
              y1="132.5"
              y2="132.5"
            />
            <line
              fill="none"
              height="235"
              stroke="#ccc"
              width="785"
              x="85"
              x1="85"
              x2="870"
              y="15"
              y1="73.75"
              y2="73.75"
            />
            <line
              fill="none"
              height="235"
              stroke="#ccc"
              width="785"
              x="85"
              x1="85"
              x2="870"
              y="15"
              y1="15"
              y2="15"
            />
          </g>
          <g
            class="recharts-cartesian-grid-vertical"
          >
            <line
              fill="none"
              height="235"
              stroke="#ccc"
              width="785"
              x="85"
              x1="281.25"
              x2="281.25"
              y="15"
              y1="15"
              y2="250"
            />
            <line
              fill="none"
              height="235"
              stroke="#ccc"
              width="785"
              x="85"
              x1="673.75"
              x2="673.75"
              y="15"
              y1="15"
              y2="250"
            />
            <line
              fill="none"
              height="235"
              stroke="#ccc"
              width="785"
              x="85"
              x1="85"
              x2="85"
              y="15"
              y1="15"
              y2="250"
            />
            <line
              fill="none"
              height="235"
              stroke="#ccc"
              width="785"
              x="85"
              x1="870"
              x2="870"
              y="15"
              y1="15"
              y2="250"
            />
          </g>
        </g>
        <g
          class="recharts-layer recharts-cartesian-axis recharts-yAxis yAxis"
        >
          <line
            class="recharts-cartesian-axis-line"
            fill="none"
            height="235"
            stroke="#666"
            width="25"
            x="60"
            x1="85"
            x2="85"
            y="15"
            y1="15"
            y2="250"
          />
          <g
            class="recharts-cartesian-axis-ticks"
          >
            <g
              class="recharts-layer recharts-cartesian-axis-tick"
            >
              <line
                class="recharts-cartesian-axis-tick-line"
                fill="none"
                height="235"
                stroke="#666"
                width="25"
                x="60"
                x1="79"
                x2="85"
                y="15"
                y1="250"
                y2="250"
              />
              <text
                class="recharts-text recharts-cartesian-axis-tick-value"
                fill="#666"
                height="235"
                stroke="none"
                text-anchor="end"
                width="25"
                x="77"
                y="250"
              >
                <tspan
                  dy="0.355em"
                  x="77"
                >
                  -3
                </tspan>
              </text>
            </g>
            <g
              class="recharts-layer recharts-cartesian-axis-tick"
            >
              <line
                class="recharts-cartesian-axis-tick-line"
                fill="none"
                height="235"
                stroke="#666"
                width="25"
                x="60"
                x1="79"
                x2="85"
                y="15"
                y1="191.25"
                y2="191.25"
              />
              <text
                class="recharts-text recharts-cartesian-axis-tick-value"
                fill="#666"
                height="235"
                stroke="none"
                text-anchor="end"
                width="25"
                x="77"
                y="191.25"
              >
                <tspan
                  dy="0.355em"
                  x="77"
                >
                  0
                </tspan>
              </text>
            </g>
            <g
              class="recharts-layer recharts-cartesian-axis-tick"
            >
              <line
                class="recharts-cartesian-axis-tick-line"
                fill="none"
                height="235"
                stroke="#666"
                width="25"
                x="60"
                x1="79"
                x2="85"
                y="15"
                y1="132.5"
                y2="132.5"
              />
              <text
                class="recharts-text recharts-cartesian-axis-tick-value"
                fill="#666"
                height="235"
                stroke="none"
                text-anchor="end"
                width="25"
                x="77"
                y="132.5"
              >
                <tspan
                  dy="0.355em"
                  x="77"
                >
                  3
                </tspan>
              </text>
            </g>
            <g
              class="recharts-layer recharts-cartesian-axis-tick"
            >
              <line
                class="recharts-cartesian-axis-tick-line"
                fill="none"
                height="235"
                stroke="#666"
                width="25"
                x="60"
                x1="79"
                x2="85"
                y="15"
                y1="73.75"
                y2="73.75"
              />
              <text
                class="recharts-text recharts-cartesian-axis-tick-value"
                fill="#666"
                height="235"
                stroke="none"
                text-anchor="end"
                width="25"
                x="77"
                y="73.75"
              >
                <tspan
                  dy="0.355em"
                  x="77"
                >
                  6
                </tspan>
              </text>
            </g>
            <g
              class="recharts-layer recharts-cartesian-axis-tick"
            >
              <line
                class="recharts-cartesian-axis-tick-line"
                fill="none"
                height="235"
                stroke="#666"
                width="25"
                x="60"
                x1="79"
                x2="85"
                y="15"
                y1="15"
                y2="15"
              />
              <text
                class="recharts-text recharts-cartesian-axis-tick-value"
                fill="#666"
                height="235"
                stroke="none"
                text-anchor="end"
                width="25"
                x="77"
                y="15"
              >
                <tspan
                  dy="0.355em"
                  x="77"
                >
                  9
                </tspan>
              </text>
            </g>
          </g>
        </g>
        <g
          class="recharts-layer recharts-bar"
        >
          <g
            class="recharts-layer recharts-bar-rectangles"
          >
            <g
              class="recharts-layer"
            >
              <g
                class="recharts-layer recharts-bar-rectangle"
              />
              <g
                class="recharts-layer recharts-bar-rectangle"
              />
            </g>
          </g>
        </g>
        <g
          class="recharts-layer recharts-bar"
        >
          <g
            class="recharts-layer recharts-bar-rectangles"
          >
            <g
              class="recharts-layer"
            >
              <g
                class="recharts-layer recharts-bar-rectangle"
              />
              <g
                class="recharts-layer recharts-bar-rectangle"
              />
            </g>
          </g>
        </g>
        <g
          class="recharts-layer recharts-bar"
        >
          <g
            class="recharts-layer recharts-bar-rectangles"
          >
            <g
              class="recharts-layer"
            >
              <g
                class="recharts-layer recharts-bar-rectangle"
              />
              <g
                class="recharts-layer recharts-bar-rectangle"
              />
            </g>
          </g>
        </g>
      </svg>
      <div
        class="recharts-legend-wrapper"
        style="position: absolute; width: 810px; height: auto; left: 60px; bottom: 25px;"
      >
        <ul
          class="recharts-default-legend"
          style="padding: 0px; margin: 0px; text-align: center;"
        >
          <li
            class="recharts-legend-item legend-item-0"
            style="display: inline-block; margin-right: 10px;"
          >
            <svg
              class="recharts-surface"
              height="14"
              style="display: inline-block; vertical-align: middle; margin-right: 4px;"
              version="1.1"
              viewBox="0 0 32 32"
              width="14"
            >
              <path
                class="recharts-legend-icon"
                d="M0,4h32v24h-32z"
                fill="#4763a5"
                stroke="none"
              />
            </svg>
            <span
              class="recharts-legend-item-text"
            >
              Unauthorised absence rate
            </span>
          </li>
          <li
            class="recharts-legend-item legend-item-1"
            style="display: inline-block; margin-right: 10px;"
          >
            <svg
              class="recharts-surface"
              height="14"
              style="display: inline-block; vertical-align: middle; margin-right: 4px;"
              version="1.1"
              viewBox="0 0 32 32"
              width="14"
            >
              <path
                class="recharts-legend-icon"
                d="M0,4h32v24h-32z"
                fill="#f5a450"
                stroke="none"
              />
            </svg>
            <span
              class="recharts-legend-item-text"
            >
              Overall absence rate
            </span>
          </li>
          <li
            class="recharts-legend-item legend-item-2"
            style="display: inline-block; margin-right: 10px;"
          >
            <svg
              class="recharts-surface"
              height="14"
              style="display: inline-block; vertical-align: middle; margin-right: 4px;"
              version="1.1"
              viewBox="0 0 32 32"
              width="14"
            >
              <path
                class="recharts-legend-icon"
                d="M0,4h32v24h-32z"
                fill="#005ea5"
                stroke="none"
              />
            </svg>
            <span
              class="recharts-legend-item-text"
            >
              Authorised absence rate
            </span>
          </li>
        </ul>
      </div>
      <div
        class="recharts-tooltip-wrapper"
        style="pointer-events: none; visibility: hidden; position: absolute; top: 0px; transform: translate(undefinedpx, undefinedpx);"
      >
        <div
          class="recharts-default-tooltip"
          style="margin: 0px; padding: 10px; background-color: rgb(255, 255, 255); border: 1px solid #ccc; white-space: nowrap;"
        >
          <p
            class="recharts-tooltip-label"
            style="margin: 0px;"
          />
        </div>
      </div>
    </div>
    <div
      style="position: absolute; width: 0px; height: 0px; visibility: hidden; display: none;"
    />
  </div>
</div>
`;
