// Jest Snapshot v1, https://goo.gl/fbAQLP

exports[`FindStatisticsPage renders the accordion correctly with multiple themes, topics and publications 1`] = `
<div class="govuk-accordion__controls">
  <button aria-expanded="false"
          type="button"
          class="govuk-accordion__open-all"
  >
    Open all
    <span class="govuk-visually-hidden">
      sections
    </span>
  </button>
</div>
<div class="govuk-accordion__section section"
     data-testid="accordionSection"
     id="themes-1"
     role="presentation"
>
  <div class="govuk-accordion__section-header">
    <h2 class="govuk-accordion__section-heading">
      <button aria-expanded="false"
              class="govuk-accordion__section-button"
              id="themes-1-heading"
              type="button"
      >
        Early years
        <span aria-hidden="true"
              class="govuk-accordion__icon"
        >
        </span>
      </button>
    </h2>
    <div class="govuk-accordion__section-summary govuk-body">
      Including early years foundation stage profile and early years surveys statistics
    </div>
  </div>
  <div aria-labelledby="themes-1-heading"
       class="govuk-accordion__section-content sectionContentCollapsed"
       id="themes-1-content"
  >
    <details id="topic-details-topic-theme-1-topic-1"
             class="govuk-details"
             role="group"
    >
      <summary class="govuk-details__summary"
               aria-controls="topic-theme-1-topic-1"
               aria-expanded="false"
               role="button"
               tabindex="0"
      >
        <span id="topic-heading-topic-theme-1-topic-1"
              class="summaryText govuk-details__summary-text"
              data-testid="Expand Details Section Childcare and early years"
        >
          Childcare and early years
        </span>
      </summary>
      <div class="govuk-details__text"
           aria-hidden="true"
           id="topic-theme-1-topic-1"
      >
        <h3 id="publication-type-heading-NationalAndOfficial"
            class="govuk-heading-s"
        >
          National and official statistics
        </h3>
        <ul class="govuk-!-margin-top-0"
            data-testid="publications-list-NationalAndOfficial"
        >
          <li class="govuk-!-margin-bottom-0">
            <h4 id="publication-heading-theme-1-topic-1-pub-1"
                class="govuk-heading-s govuk-!-font-weight-regular govuk-!-margin-bottom-0"
            >
              Education provision: children under 5 years of age
            </h4>
            <div class="govuk-grid-row govuk-!-margin-bottom-3">
              <div class="govuk-grid-column-one-third govuk-!-margin-bottom-1">
                <a href="/find-statistics/education-provision-children-under-5"
                   class="govuk-link"
                   data-testid="View stats link for Education provision: children under 5 years of age"
                >
                  View statistics and data
                  <span class="govuk-visually-hidden">
                    for Education provision: children under 5 years of age
                  </span>
                </a>
              </div>
              <div class="govuk-grid-column-one-third">
                <a href="/data-tables/education-provision-children-under-5"
                   class="govuk-link"
                >
                  Create your own tables
                  <span class="govuk-visually-hidden">
                    for Education provision: children under 5 years of age
                  </span>
                </a>
              </div>
            </div>
          </li>
        </ul>
      </div>
    </details>
    <div class="dfe-print-hidden">
      <a href="#"
         class="govuk-link govuk-link--no-visited-state"
      >
        Go to top
      </a>
    </div>
  </div>
</div>
<div class="govuk-accordion__section section"
     data-testid="accordionSection"
     id="themes-2"
     role="presentation"
>
  <div class="govuk-accordion__section-header">
    <h2 class="govuk-accordion__section-heading">
      <button aria-expanded="false"
              class="govuk-accordion__section-button"
              id="themes-2-heading"
              type="button"
      >
        Pupils and schools
        <span aria-hidden="true"
              class="govuk-accordion__icon"
        >
        </span>
      </button>
    </h2>
    <div class="govuk-accordion__section-summary govuk-body">
      Including absence, application and offers, capacity, exclusion and special educational needs (SEN) statistics
    </div>
  </div>
  <div aria-labelledby="themes-2-heading"
       class="govuk-accordion__section-content sectionContentCollapsed"
       id="themes-2-content"
  >
    <details id="topic-details-topic-theme-2-topic-1"
             class="govuk-details"
             role="group"
    >
      <summary class="govuk-details__summary"
               aria-controls="topic-theme-2-topic-1"
               aria-expanded="false"
               role="button"
               tabindex="0"
      >
        <span id="topic-heading-topic-theme-2-topic-1"
              class="summaryText govuk-details__summary-text"
              data-testid="Expand Details Section School capacity"
        >
          School capacity
        </span>
      </summary>
      <div class="govuk-details__text"
           aria-hidden="true"
           id="topic-theme-2-topic-1"
      >
        <h3 id="publication-type-heading-NationalAndOfficial"
            class="govuk-heading-s"
        >
          National and official statistics
        </h3>
        <ul class="govuk-!-margin-top-0"
            data-testid="publications-list-NationalAndOfficial"
        >
          <li class="govuk-!-margin-bottom-0">
            <h4 id="publication-heading-theme-2-topic-1-pub-2"
                class="govuk-heading-s govuk-!-font-weight-regular govuk-!-margin-bottom-0"
            >
              Local authority school places scorecards
            </h4>
            <div class="govuk-grid-row govuk-!-margin-bottom-3">
              <div class="govuk-grid-column-one-third govuk-!-margin-bottom-1">
                <a href="/find-statistics/local-authority-school-places-scorecards"
                   class="govuk-link"
                   data-testid="View stats link for Local authority school places scorecards"
                >
                  View statistics and data
                  <span class="govuk-visually-hidden">
                    for Local authority school places scorecards
                  </span>
                </a>
              </div>
              <div class="govuk-grid-column-one-third">
                <a href="/data-tables/local-authority-school-places-scorecards"
                   class="govuk-link"
                >
                  Create your own tables
                  <span class="govuk-visually-hidden">
                    for Local authority school places scorecards
                  </span>
                </a>
              </div>
            </div>
          </li>
          <li class="govuk-!-margin-bottom-0">
            <h4 id="publication-heading-theme-2-topic-1-pub-3"
                class="govuk-heading-s govuk-!-font-weight-regular govuk-!-margin-bottom-0"
            >
              School capacity
            </h4>
            <div class="govuk-grid-row govuk-!-margin-bottom-3">
              <div class="govuk-grid-column-one-third govuk-!-margin-bottom-1">
                <a href="/find-statistics/school-capacity"
                   class="govuk-link"
                   data-testid="View stats link for School capacity"
                >
                  View statistics and data
                  <span class="govuk-visually-hidden">
                    for School capacity
                  </span>
                </a>
              </div>
              <div class="govuk-grid-column-one-third">
                <a href="/data-tables/school-capacity"
                   class="govuk-link"
                >
                  Create your own tables
                  <span class="govuk-visually-hidden">
                    for School capacity
                  </span>
                </a>
              </div>
            </div>
          </li>
        </ul>
        <h3 id="publication-type-heading-AdHocStatistics"
            class="govuk-heading-s"
        >
          Ad hoc statistics
        </h3>
        <ul class="govuk-!-margin-top-0"
            data-testid="publications-list-AdHocStatistics"
        >
          <li class="govuk-!-margin-bottom-0">
            <h4 id="publication-heading-theme-2-topic-1-pub-1"
                class="govuk-heading-s govuk-!-font-weight-regular govuk-!-margin-bottom-0"
            >
              School places sufficiency survey
            </h4>
            <div class="govuk-grid-row govuk-!-margin-bottom-3">
              <div class="govuk-grid-column-one-third govuk-!-margin-bottom-1">
                <a href="/find-statistics/school-places-sufficiency-survey"
                   class="govuk-link"
                   data-testid="View stats link for School places sufficiency survey"
                >
                  View statistics and data
                  <span class="govuk-visually-hidden">
                    for School places sufficiency survey
                  </span>
                </a>
              </div>
              <div class="govuk-grid-column-one-third">
                <a href="/data-tables/school-places-sufficiency-survey"
                   class="govuk-link"
                >
                  Create your own tables
                  <span class="govuk-visually-hidden">
                    for School places sufficiency survey
                  </span>
                </a>
              </div>
            </div>
          </li>
        </ul>
      </div>
    </details>
    <details id="topic-details-topic-theme-2-topic-2"
             class="govuk-details"
             role="group"
    >
      <summary class="govuk-details__summary"
               aria-controls="topic-theme-2-topic-2"
               aria-expanded="false"
               role="button"
               tabindex="0"
      >
        <span id="topic-heading-topic-theme-2-topic-2"
              class="summaryText govuk-details__summary-text"
              data-testid="Expand Details Section Special educational needs (SEN)"
        >
          Special educational needs (SEN)
        </span>
      </summary>
      <div class="govuk-details__text"
           aria-hidden="true"
           id="topic-theme-2-topic-2"
      >
        <h3 id="publication-type-heading-NationalAndOfficial"
            class="govuk-heading-s"
        >
          National and official statistics
        </h3>
        <ul class="govuk-!-margin-top-0"
            data-testid="publications-list-NationalAndOfficial"
        >
          <li class="govuk-!-margin-bottom-0">
            <h4 id="publication-heading-theme-2-topic-2-pub-2"
                class="govuk-heading-s govuk-!-font-weight-regular govuk-!-margin-bottom-0"
            >
              Education, health and care plans
            </h4>
            <div class="govuk-grid-row govuk-!-margin-bottom-3">
              <div class="govuk-grid-column-one-third govuk-!-margin-bottom-1">
                <a href="/find-statistics/education-health-and-care-plans"
                   class="govuk-link"
                   data-testid="View stats link for Education, health and care plans"
                >
                  View statistics and data
                  <span class="govuk-visually-hidden">
                    for Education, health and care plans
                  </span>
                </a>
              </div>
              <div class="govuk-grid-column-one-third">
                <a href="/data-tables/education-health-and-care-plans"
                   class="govuk-link"
                >
                  Create your own tables
                  <span class="govuk-visually-hidden">
                    for Education, health and care plans
                  </span>
                </a>
              </div>
            </div>
          </li>
          <li class="govuk-!-margin-bottom-0">
            <h4 id="publication-heading-theme-2-topic-2-pub-3"
                class="govuk-heading-s govuk-!-font-weight-regular govuk-!-margin-bottom-0"
            >
              Special educational needs in England
            </h4>
            <div class="govuk-grid-row govuk-!-margin-bottom-3">
              <div class="govuk-grid-column-one-third govuk-!-margin-bottom-1">
                <a href="/find-statistics/special-educational-needs-in-england"
                   class="govuk-link"
                   data-testid="View stats link for Special educational needs in England"
                >
                  View statistics and data
                  <span class="govuk-visually-hidden">
                    for Special educational needs in England
                  </span>
                </a>
              </div>
              <div class="govuk-grid-column-one-third">
                <a href="/data-tables/special-educational-needs-in-england"
                   class="govuk-link"
                >
                  Create your own tables
                  <span class="govuk-visually-hidden">
                    for Special educational needs in England
                  </span>
                </a>
              </div>
            </div>
          </li>
        </ul>
        <h3 id="publication-type-heading-Legacy"
            class="govuk-heading-s"
        >
          Not yet on this service
        </h3>
        <ul class="govuk-!-margin-top-0"
            data-testid="publications-list-Legacy"
        >
          <li class="govuk-!-margin-bottom-0">
            <h4 id="publication-heading-theme-2-topic-2-pub-1"
                class="govuk-heading-s govuk-!-font-weight-regular govuk-!-margin-bottom-0"
            >
              Special educational needs: analysis and summary of data sources
            </h4>
            <div class="govuk-!-margin-bottom-3">
              Currently available via
              <a href="https://www.gov.uk/government/collections/statistics-special-educational-needs-sen#analysis-of-children-with-special-educational-needs">
                Statistics at DfE
                <span class="govuk-visually-hidden">
                  for Special educational needs: analysis and summary of data sources
                </span>
              </a>
            </div>
          </li>
        </ul>
      </div>
    </details>
    <div class="dfe-print-hidden">
      <a href="#"
         class="govuk-link govuk-link--no-visited-state"
      >
        Go to top
      </a>
    </div>
  </div>
</div>
`;
