// Jest Snapshot v1, https://goo.gl/fbAQLP

exports[`ButtonLink renders correctly with required props 1`] = `
<a href="/"
   class="govuk-button"
   role="button"
   aria-disabled="false"
>
  Test button
</a>
`;
