// Jest Snapshot v1, https://goo.gl/fbAQLP

exports[`DataBlock datablock renders map 1`] = `

<div data-testid="DataBlock ">
  <div class="govuk-tabs">
    <ul class="govuk-tabs__list"
        role="tablist"
    >
      <li class="govuk-tabs__list-item"
          role="presentation"
      >
        <a class="govuk-tabs__tab govuk-tabs__tab--selected"
           href="#datablock_test_charts"
           id="datablock_test_charts-tab"
           aria-controls="datablock_test_charts"
           aria-selected="true"
           role="tab"
        >
          Charts
        </a>
      </li>
    </ul>
    <section class="govuk-tabs__panel dfe-content-overflow panel"
             id="datablock_test_charts"
             data-testid="Charts"
             aria-labelledby="datablock_test_charts-tab"
             role="tabpanel"
             tabindex="-1"
    >
      <h3>
        Charts
      </h3>
      <div class="govuk-grid-row">
        <div class="govuk-grid-column-one-third"
             aria-live="assertive"
        >
          <form>
            <div class="govuk-form-group govuk-!-margin-bottom-6">
              <label class="govuk-label"
                     for="selectedIndicator"
              >
                Select data to view
              </label>
              <select class="govuk-select select"
                      id="selectedIndicator"
                      name="selectedIndicator"
              >
                <option value="23">
                  Unauthorised absence rate
                </option>
                <option value="26">
                  Overall absence rate
                </option>
                <option value="28">
                  Authorised absence rate
                </option>
              </select>
            </div>
            <div class="govuk-form-group govuk-!-margin-bottom-6">
              <label class="govuk-label"
                     for="selectedLocation"
              >
                Select a location
              </label>
              <select class="govuk-select select"
                      id="selectedLocation"
                      name="selectedLocation"
              >
                <option value>
                  select...
                </option>
                <option value="E92000001">
                  England
                </option>
              </select>
            </div>
          </form>
          <div>
            <h3 class="govuk-heading-s">
              Key to Authorised absence rate
            </h3>
            <dl class="govuk-list">
              <dd class="legend">
                <span class="rate0">
                  &nbsp;
                </span>
                5.0%&nbsp; to 5.0%
              </dd>
              <dd class="legend">
                <span class="rate1">
                  &nbsp;
                </span>
                5.0%&nbsp; to 5.0%
              </dd>
              <dd class="legend">
                <span class="rate2">
                  &nbsp;
                </span>
                5.0%&nbsp; to 5.0%
              </dd>
              <dd class="legend">
                <span class="rate3">
                  &nbsp;
                </span>
                5.0%&nbsp; to 5.0%
              </dd>
              <dd class="legend">
                <span class="rate4">
                  &nbsp;
                </span>
                5.0%&nbsp; to 5.0%
              </dd>
            </dl>
          </div>
        </div>
        <div class="govuk-grid-column-two-thirds">
          <div class="map leaflet-container leaflet-grab leaflet-touch-drag"
               style="width: 800px; height: 600px; position: relative;"
               tabindex="0"
          >
            <div class="leaflet-pane leaflet-map-pane"
                 style="left: 0px; top: 0px;"
            >
              <div class="leaflet-pane leaflet-tile-pane">
              </div>
              <div class="leaflet-pane leaflet-shadow-pane">
              </div>
              <div class="leaflet-pane leaflet-overlay-pane">
                <svg pointer-events="none"
                     width="0"
                     height="0"
                     style="left: 0px; top: 0px;"
                     viewbox="0 0 0 0"
                >
                  <g>
                    <path class="uk leaflet-interactive"
                          stroke="#3388ff"
                          stroke-opacity="1"
                          stroke-width="3"
                          stroke-linecap="round"
                          stroke-linejoin="round"
                          fill="#3388ff"
                          fill-opacity="0.2"
                          fill-rule="evenodd"
                          d="M-3 3L-3 -3L3 -3L3 3z"
                    >
                    </path>
                    <path class="rateNaN leaflet-interactive"
                          stroke="#3388ff"
                          stroke-opacity="1"
                          stroke-width="3"
                          stroke-linecap="round"
                          stroke-linejoin="round"
                          fill="#3388ff"
                          fill-opacity="0.2"
                          fill-rule="evenodd"
                          d="M0 0"
                    >
                    </path>
                  </g>
                </svg>
              </div>
              <div class="leaflet-pane leaflet-marker-pane">
              </div>
              <div class="leaflet-pane leaflet-tooltip-pane">
              </div>
              <div class="leaflet-pane leaflet-popup-pane">
              </div>
            </div>
            <div class="leaflet-control-container">
              <div class="leaflet-top leaflet-left">
                <div class="leaflet-control-zoom leaflet-bar leaflet-control">
                  <a class="leaflet-control-zoom-in"
                     href="#"
                     title="Zoom in"
                     role="button"
                     aria-label="Zoom in"
                  >
                    +
                  </a>
                  <a class="leaflet-control-zoom-out"
                     href="#"
                     title="Zoom out"
                     role="button"
                     aria-label="Zoom out"
                  >
                    âˆ’
                  </a>
                </div>
              </div>
              <div class="leaflet-top leaflet-right">
              </div>
              <div class="leaflet-bottom leaflet-left">
              </div>
              <div class="leaflet-bottom leaflet-right">
                <div class="leaflet-control-attribution leaflet-control">
                  <a href="https://leafletjs.com"
                     title="A JS library for interactive maps"
                  >
                    Leaflet
                  </a>
                </div>
              </div>
            </div>
          </div>
        </div>
      </div>
    </section>
  </div>
</div>

`;

exports[`DataBlock renders summary 1`] = `
<section
  aria-labelledby="datablock_test_summary-tab"
  class="govuk-tabs__panel dfe-content-overflow panel"
  data-testid="Summary"
  id="datablock_test_summary"
  role="tabpanel"
  tabindex="-1"
>
  <h3>
    Summary
  </h3>
  <div
    class="keyStatsContainer"
  >
    <div
      class="keyStatTile"
    >
      <div
        class="keyStat"
      >
        <h3
          class="govuk-heading-s"
        >
          Unauthorised absence rate
        </h3>
        <p
          class="govuk-heading-xl"
          data-testid="tile Unauthorised absence rate"
        >
          3
          %
        </p>
        <p
          class="govuk-body-s"
        >
          up 10%
        </p>
      </div>
      <details
        class="govuk-details"
        role="group"
      >
        <summary
          aria-controls="details-content-4"
          aria-expanded="false"
          class="govuk-details__summary"
          role="button"
          tabindex="0"
        >
          <span
            class="govuk-details__summary-text"
            data-testid="details--expand"
          >
            What is Unauthorised absence rate?
          </span>
        </summary>
        <div
          aria-hidden="true"
          class="govuk-details__text"
          id="details-content-4"
        >
          Overall absence is the adipisicing elit. Dolorum hic nobis voluptas quidem fugiat enim ipsa reprehenderit nulla.
        </div>
      </details>
    </div>
    <div
      class="keyStatTile"
    >
      <div
        class="keyStat"
      >
        <h3
          class="govuk-heading-s"
        >
          Overall absence rate
        </h3>
        <p
          class="govuk-heading-xl"
          data-testid="tile Overall absence rate"
        >
          10
          %
        </p>
        <p
          class="govuk-body-s"
        >
          down 10%
        </p>
      </div>
      <details
        class="govuk-details"
        role="group"
      >
        <summary
          aria-controls="details-content-5"
          aria-expanded="false"
          class="govuk-details__summary"
          role="button"
          tabindex="0"
        >
          <span
            class="govuk-details__summary-text"
            data-testid="details--expand"
          >
            What is Overall absence rate?
          </span>
        </summary>
        <div
          aria-hidden="true"
          class="govuk-details__text"
          id="details-content-5"
        >
          Overall absence is the adipisicing elit. Dolorum hic nobis voluptas quidem fugiat enim ipsa reprehenderit nulla.
        </div>
      </details>
    </div>
    <div
      class="keyStatTile"
    >
      <div
        class="keyStat"
      >
        <h3
          class="govuk-heading-s"
        >
          Authorised absence rate
        </h3>
        <p
          class="govuk-heading-xl"
          data-testid="tile Authorised absence rate"
        >
          5
          %
        </p>
        <p
          class="govuk-body-s"
        >
          up 11%
        </p>
      </div>
      <details
        class="govuk-details"
        role="group"
      >
        <summary
          aria-controls="details-content-6"
          aria-expanded="false"
          class="govuk-details__summary"
          role="button"
          tabindex="0"
        >
          <span
            class="govuk-details__summary-text"
            data-testid="details--expand"
          >
            What is Authorised absence rate?
          </span>
        </summary>
        <div
          aria-hidden="true"
          class="govuk-details__text"
          id="details-content-6"
        >
          Overall absence is the adipisicing elit. Dolorum hic nobis voluptas quidem fugiat enim ipsa reprehenderit nulla.
        </div>
      </details>
    </div>
  </div>
  &lt;div&gt;test&lt;/div&gt;
</section>
`;

exports[`DataBlock renders table 1`] = `null`;
