// Jest Snapshot v1, https://goo.gl/fbAQLP

exports[`DataBlock datablock test 1`] = `

<div class="govuk-datablock"
     data-testid="DataBlock undefined"
>
  <div class="govuk-tabs">
    <ul class="govuk-tabs__list"
        role="tablist"
    >
      <li class="govuk-tabs__list-item"
          role="presentation"
      >
        <a class="govuk-tabs__tab govuk-tabs__tab--selected"
           href="#22"
           id="22-tab"
           aria-controls="22"
           aria-selected="true"
           role="tab"
        >
          Data downloads
        </a>
      </li>
    </ul>
    <section class="govuk-tabs__panel panel"
             id="22"
             data-testid="Data downloads"
             aria-labelledby="22-tab"
             role="tabpanel"
             tabindex="-1"
    >
      <h3>
        Data downloads
      </h3>
      <p>
        You can customise and download data as Excel or .csv files. Our data can also be accessed via an API.
      </p>
      <div class="govuk-inset-text">
        Data downloads have not yet been implemented within the service.
      </div>
      <h2 class="govuk-heading-m govuk-!-margin-top-9">
        Explore and edit this data online
      </h2>
      <p>
        Use our table tool to explore this data.
      </p>
      <a class="govuk-link govuk-button"
         href="/table-tool/"
      >
        Explore data
      </a>
    </section>
  </div>
</div>

`;
