// Jest Snapshot v1, https://goo.gl/fbAQLP

exports[`FormCheckboxSearchSubGroups renders groups of checkboxes in correct order 1`] = `

<div class="govuk-form-group">
  <fieldset class="govuk-fieldset"
            id="test-checkboxes"
  >
    <legend class="govuk-fieldset__legend govuk-fieldset__legend--m">
      Choose options
    </legend>
    <label class="govuk-label"
           for="test-checkboxes-search"
    >
      Search options
    </label>
    <input name="testCheckboxes-search"
           class="govuk-input searchInput govuk-input--width-20"
           id="test-checkboxes-search"
           type="text"
    >
    <div class="optionsContainer">
      <div class="govuk-form-group">
        <fieldset class="govuk-fieldset"
                  id="test-checkboxes-groupA"
        >
          <legend class="govuk-fieldset__legend govuk-fieldset__legend--s">
            Group A
          </legend>
          <div class="govuk-checkboxes">
            <div class="govuk-checkboxes__item">
              <input class="govuk-checkboxes__input"
                     id="test-checkboxes-groupA-1"
                     name="testCheckboxes"
                     type="checkbox"
                     value="1"
              >
              <label class="govuk-label govuk-checkboxes__label"
                     for="test-checkboxes-groupA-1"
              >
                Checkbox 1
              </label>
            </div>
            <div class="govuk-checkboxes__item">
              <input class="govuk-checkboxes__input"
                     id="test-checkboxes-groupA-2"
                     name="testCheckboxes"
                     type="checkbox"
                     value="2"
              >
              <label class="govuk-label govuk-checkboxes__label"
                     for="test-checkboxes-groupA-2"
              >
                Checkbox 2
              </label>
            </div>
          </div>
        </fieldset>
      </div>
      <div class="govuk-form-group">
        <fieldset class="govuk-fieldset"
                  id="test-checkboxes-groupB"
        >
          <legend class="govuk-fieldset__legend govuk-fieldset__legend--s">
            Group B
          </legend>
          <div class="govuk-checkboxes">
            <div class="govuk-checkboxes__item">
              <input class="govuk-checkboxes__input"
                     id="test-checkboxes-groupB-3"
                     name="testCheckboxes"
                     type="checkbox"
                     value="3"
              >
              <label class="govuk-label govuk-checkboxes__label"
                     for="test-checkboxes-groupB-3"
              >
                Checkbox 3
              </label>
            </div>
            <div class="govuk-checkboxes__item">
              <input class="govuk-checkboxes__input"
                     id="test-checkboxes-groupB-4"
                     name="testCheckboxes"
                     type="checkbox"
                     value="4"
              >
              <label class="govuk-label govuk-checkboxes__label"
                     for="test-checkboxes-groupB-4"
              >
                Checkbox 4
              </label>
            </div>
          </div>
        </fieldset>
      </div>
    </div>
  </fieldset>
</div>

`;
